<html>
<body>
<pre>
<h1>µVision Build Log</h1>
<h2>Project:</h2>
C:\Users\p&p\OneDrive - Faculty of Engineering Ain Shams University\Desktop\project\embedded-team\final project\final project.uvproj
Project File Date:  05/16/2022

<h2>Output:</h2>
Rebuild target 'Target 1'
assembling startup_TM4C123.s...
compiling final project.c...
initialization & functions.h(241): warning:  #940-D: missing return statement at end of non-void function "NUM_SEC"
          }
initialization & functions.h(395): warning:  #223-D: function "sprintf" declared implicitly
                      sprintf(fstr,"%i%c%i",min,':',sec);                               
initialization & functions.h(411): warning:  #223-D: function "sprintf" declared implicitly
                      sprintf(fstr,"0%i%c%i",min,':',sec);   
initialization & functions.h(415): warning:  #223-D: function "sprintf" declared implicitly
                      sprintf(fstr,"0%i%c0%i",min,':',sec);                             
final project.c: 4 warnings, 0 errors
linking...
Program Size: Code=3456 RO-data=652 RW-data=0 ZI-data=512  
".\final project.axf" - 0 Error(s), 4 Warning(s).
