<html>
<body>
<pre>
<h1>µVision Build Log</h1>
<h2>Project:</h2>
C:\Users\p&p\OneDrive - Faculty of Engineering Ain Shams University\Desktop\final project\final project.uvproj
Project File Date:  05/14/2022

<h2>Output:</h2>
Rebuild target 'Target 1'
assembling startup_TM4C123.s...
compiling final project.c...
linking...
Program Size: Code=600 RO-data=636 RW-data=0 ZI-data=512  
".\final project.axf" - 0 Error(s), 0 Warning(s).

startup_TM4C123.s(236): error: A1137E: Unexpected characters at end of line
compiling final project.c...
".\final project.axf" - 3 Error(s), 0 Warning(s).
Target not created
o such file or directory
  #include "Io.h" 
final project.c: 0 warnings, 1 error
".\final project.axf" - 4 Error(s), 0 Warning(s).
Target not created
